// Jest Snapshot v1, https://goo.gl/fbAQLP

exports[`renders correctly 1`] = `
Array [
  <div
    className="makeStyles-root-1"
  >
    <main
      className="makeStyles-browser-2"
    >
      <div
        className="makeStyles-browserHome-3"
      >
        <div
          className="makeStyles-projects-4"
        >
          <h2
            style={
              Object {
                "textAlign": "center",
              }
            }
          >
            Projects
          </h2>
        </div>
      </div>
    </main>
    <div
      className="makeStyles-appBar-6"
    >
      <div>
        Word count
      </div>
      <div>
        Character length
      </div>
      <div>
        Template
      </div>
    </div>
  </div>,
  <style>
    
          ::-webkit-scrollbar {
            width: 6px;
            background: #232323
          }
          ::-webkit-scrollbar-thumb {
            background-color: gray;
            height: 36px;
          }
        
  </style>,
]
`;
